error: Module not found "/Users/nickgonzales/Documents/Bonfyre/bonfyre-zig/tools/live-native-market-activation.ts"
error: Module not found "/Users/nickgonzales/Documents/Bonfyre/bonfyre-zig/tools/live-native-market-activation.ts"

error: An unknown error occurred, possibly due to low max file descriptors (Unexpected)

Current limit: 256

To fix this, try running:

  ulimit -n 2147483646

If that still doesn't work, you may need to run:

  sudo launchctl limit maxfiles 2147483646

error: An unknown error occurred, possibly due to low max file descriptors (Unexpected)

Current limit: 256

To fix this, try running:

  ulimit -n 2147483646

If that still doesn't work, you may need to run:

  sudo launchctl limit maxfiles 2147483646
error: Module not found "/Users/nickgonzales/Documents/Bonfyre/bonfyre-zig/tools/live-native-market-activation.ts"
error: Module not found "/Users/nickgonzales/Documents/Bonfyre/bonfyre-zig/tools/live-native-market-activation.ts"
error: Module not found "/Users/nickgonzales/Documents/Bonfyre/bonfyre-zig/tools/live-native-market-activation.ts"
error: Module not found "/Users/nickgonzales/Documents/Bonfyre/bonfyre-zig/tools/live-native-market-activation.ts"
error: Module not found "/Users/nickgonzales/Documents/Bonfyre/bonfyre-zig/tools/live-native-market-activation.ts"
error: Module not found "/Users/nickgonzales/Documents/Bonfyre/bonfyre-zig/tools/live-native-market-activation.ts"
error: Module not found "/Users/nickgonzales/Documents/Bonfyre/bonfyre-zig/tools/live-native-market-activation.ts"
error: Module not found "/Users/nickgonzales/Documents/Bonfyre/bonfyre-zig/tools/live-native-market-activation.ts"
error: Module not found "/Users/nickgonzales/Documents/Bonfyre/bonfyre-zig/tools/live-native-market-activation.ts"
error: Module not found "/Users/nickgonzales/Documents/Bonfyre/bonfyre-zig/tools/live-native-market-activation.ts"
error: Module not found "/Users/nickgonzales/Documents/Bonfyre/bonfyre-zig/tools/live-native-market-activation.ts"
error: Module not found "/Users/nickgonzales/Documents/Bonfyre/bonfyre-zig/tools/live-native-market-activation.ts"
error: Module not found "/Users/nickgonzales/Documents/Bonfyre/bonfyre-zig/tools/live-native-market-activation.ts"
error: Module not found "/Users/nickgonzales/Documents/Bonfyre/bonfyre-zig/tools/live-native-market-activation.ts"
error: Module not found "/Users/nickgonzales/Documents/Bonfyre/bonfyre-zig/tools/live-native-market-activation.ts"
error: Module not found "/Users/nickgonzales/Documents/Bonfyre/bonfyre-zig/tools/live-native-market-activation.ts"
error: Module not found "/Users/nickgonzales/Documents/Bonfyre/bonfyre-zig/tools/live-native-market-activation.ts"
error: Module not found "/Users/nickgonzales/Documents/Bonfyre/bonfyre-zig/tools/live-native-market-activation.ts"
error: Module not found "/Users/nickgonzales/Documents/Bonfyre/bonfyre-zig/tools/live-native-market-activation.ts"
error: Module not found "/Users/nickgonzales/Documents/Bonfyre/bonfyre-zig/tools/live-native-market-activation.ts"
error: Module not found "/Users/nickgonzales/Documents/Bonfyre/bonfyre-zig/tools/live-native-market-activation.ts"
error: Module not found "/Users/nickgonzales/Documents/Bonfyre/bonfyre-zig/tools/live-native-market-activation.ts"
error: Module not found "/Users/nickgonzales/Documents/Bonfyre/bonfyre-zig/tools/live-native-market-activation.ts"
error: Module not found "/Users/nickgonzales/Documents/Bonfyre/bonfyre-zig/tools/live-native-market-activation.ts"
error: Module not found "/Users/nickgonzales/Documents/Bonfyre/bonfyre-zig/tools/live-native-market-activation.ts"
error: Module not found "/Users/nickgonzales/Documents/Bonfyre/bonfyre-zig/tools/live-native-market-activation.ts"
error: Module not found "/Users/nickgonzales/Documents/Bonfyre/bonfyre-zig/tools/live-native-market-activation.ts"
error: Module not found "/Users/nickgonzales/Documents/Bonfyre/bonfyre-zig/tools/live-native-market-activation.ts"
error: Module not found "/Users/nickgonzales/Documents/Bonfyre/bonfyre-zig/tools/live-native-market-activation.ts"
error: Module not found "/Users/nickgonzales/Documents/Bonfyre/bonfyre-zig/tools/live-native-market-activation.ts"
error: Module not found "/Users/nickgonzales/Documents/Bonfyre/bonfyre-zig/tools/live-native-market-activation.ts"
error: Module not found "/Users/nickgonzales/Documents/Bonfyre/bonfyre-zig/tools/live-native-market-activation.ts"
error: Module not found "/Users/nickgonzales/Documents/Bonfyre/bonfyre-zig/tools/live-native-market-activation.ts"
error: Module not found "/Users/nickgonzales/Documents/Bonfyre/bonfyre-zig/tools/live-native-market-activation.ts"
error: Module not found "/Users/nickgonzales/Documents/Bonfyre/bonfyre-zig/tools/live-native-market-activation.ts"
error: Module not found "/Users/nickgonzales/Documents/Bonfyre/bonfyre-zig/tools/live-native-market-activation.ts"
error: Module not found "/Users/nickgonzales/Documents/Bonfyre/bonfyre-zig/tools/live-native-market-activation.ts"
error: Module not found "/Users/nickgonzales/Documents/Bonfyre/bonfyre-zig/tools/live-native-market-activation.ts"
error: Module not found "/Users/nickgonzales/Documents/Bonfyre/bonfyre-zig/tools/live-native-market-activation.ts"
error: Module not found "/Users/nickgonzales/Documents/Bonfyre/bonfyre-zig/tools/live-native-market-activation.ts"
error: Module not found "/Users/nickgonzales/Documents/Bonfyre/bonfyre-zig/tools/live-native-market-activation.ts"
error: Module not found "/Users/nickgonzales/Documents/Bonfyre/bonfyre-zig/tools/live-native-market-activation.ts"
error: Module not found "/Users/nickgonzales/Documents/Bonfyre/bonfyre-zig/tools/live-native-market-activation.ts"
error: Module not found "/Users/nickgonzales/Documents/Bonfyre/bonfyre-zig/tools/live-native-market-activation.ts"
error: Module not found "/Users/nickgonzales/Documents/Bonfyre/bonfyre-zig/tools/live-native-market-activation.ts"
error: Module not found "/Users/nickgonzales/Documents/Bonfyre/bonfyre-zig/tools/live-native-market-activation.ts"
error: Module not found "/Users/nickgonzales/Documents/Bonfyre/bonfyre-zig/tools/live-native-market-activation.ts"
error: Module not found "/Users/nickgonzales/Documents/Bonfyre/bonfyre-zig/tools/live-native-market-activation.ts"
error: Module not found "/Users/nickgonzales/Documents/Bonfyre/bonfyre-zig/tools/live-native-market-activation.ts"
error: Module not found "/Users/nickgonzales/Documents/Bonfyre/bonfyre-zig/tools/live-native-market-activation.ts"
error: Module not found "/Users/nickgonzales/Documents/Bonfyre/bonfyre-zig/tools/live-native-market-activation.ts"
error: Module not found "/Users/nickgonzales/Documents/Bonfyre/bonfyre-zig/tools/live-native-market-activation.ts"
error: Module not found "/Users/nickgonzales/Documents/Bonfyre/bonfyre-zig/tools/live-native-market-activation.ts"
error: Module not found "/Users/nickgonzales/Documents/Bonfyre/bonfyre-zig/tools/live-native-market-activation.ts"
error: Module not found "/Users/nickgonzales/Documents/Bonfyre/bonfyre-zig/tools/live-native-market-activation.ts"
error: Module not found "/Users/nickgonzales/Documents/Bonfyre/bonfyre-zig/tools/live-native-market-activation.ts"
error: Module not found "/Users/nickgonzales/Documents/Bonfyre/bonfyre-zig/tools/live-native-market-activation.ts"
error: Module not found "/Users/nickgonzales/Documents/Bonfyre/bonfyre-zig/tools/live-native-market-activation.ts"
error: Module not found "/Users/nickgonzales/Documents/Bonfyre/bonfyre-zig/tools/live-native-market-activation.ts"
error: Module not found "/Users/nickgonzales/Documents/Bonfyre/bonfyre-zig/tools/live-native-market-activation.ts"
error: Module not found "/Users/nickgonzales/Documents/Bonfyre/bonfyre-zig/tools/live-native-market-activation.ts"
error: Module not found "/Users/nickgonzales/Documents/Bonfyre/bonfyre-zig/tools/live-native-market-activation.ts"
error: Module not found "/Users/nickgonzales/Documents/Bonfyre/bonfyre-zig/tools/live-native-market-activation.ts"
error: Module not found "/Users/nickgonzales/Documents/Bonfyre/bonfyre-zig/tools/live-native-market-activation.ts"
error: Module not found "/Users/nickgonzales/Documents/Bonfyre/bonfyre-zig/tools/live-native-market-activation.ts"
error: Module not found "/Users/nickgonzales/Documents/Bonfyre/bonfyre-zig/tools/live-native-market-activation.ts"
error: Module not found "/Users/nickgonzales/Documents/Bonfyre/bonfyre-zig/tools/live-native-market-activation.ts"
error: Module not found "/Users/nickgonzales/Documents/Bonfyre/bonfyre-zig/tools/live-native-market-activation.ts"
error: Module not found "/Users/nickgonzales/Documents/Bonfyre/bonfyre-zig/tools/live-native-market-activation.ts"
error: Module not found "/Users/nickgonzales/Documents/Bonfyre/bonfyre-zig/tools/live-native-market-activation.ts"
error: Module not found "/Users/nickgonzales/Documents/Bonfyre/bonfyre-zig/tools/live-native-market-activation.ts"
error: Module not found "/Users/nickgonzales/Documents/Bonfyre/bonfyre-zig/tools/live-native-market-activation.ts"
error: Module not found "/Users/nickgonzales/Documents/Bonfyre/bonfyre-zig/tools/live-native-market-activation.ts"
error: Module not found "/Users/nickgonzales/Documents/Bonfyre/bonfyre-zig/tools/live-native-market-activation.ts"
error: Module not found "/Users/nickgonzales/Documents/Bonfyre/bonfyre-zig/tools/live-native-market-activation.ts"
error: Module not found "/Users/nickgonzales/Documents/Bonfyre/bonfyre-zig/tools/live-native-market-activation.ts"
error: Module not found "/Users/nickgonzales/Documents/Bonfyre/bonfyre-zig/tools/live-native-market-activation.ts"
error: Module not found "/Users/nickgonzales/Documents/Bonfyre/bonfyre-zig/tools/live-native-market-activation.ts"
error: Module not found "/Users/nickgonzales/Documents/Bonfyre/bonfyre-zig/tools/live-native-market-activation.ts"
error: Module not found "/Users/nickgonzales/Documents/Bonfyre/bonfyre-zig/tools/live-native-market-activation.ts"
error: Module not found "/Users/nickgonzales/Documents/Bonfyre/bonfyre-zig/tools/live-native-market-activation.ts"
error: Module not found "/Users/nickgonzales/Documents/Bonfyre/bonfyre-zig/tools/live-native-market-activation.ts"
error: Module not found "/Users/nickgonzales/Documents/Bonfyre/bonfyre-zig/tools/live-native-market-activation.ts"
error: Module not found "/Users/nickgonzales/Documents/Bonfyre/bonfyre-zig/tools/live-native-market-activation.ts"
error: Module not found "/Users/nickgonzales/Documents/Bonfyre/bonfyre-zig/tools/live-native-market-activation.ts"
error: Module not found "/Users/nickgonzales/Documents/Bonfyre/bonfyre-zig/tools/live-native-market-activation.ts"
error: Module not found "/Users/nickgonzales/Documents/Bonfyre/bonfyre-zig/tools/live-native-market-activation.ts"
error: Module not found "/Users/nickgonzales/Documents/Bonfyre/bonfyre-zig/tools/live-native-market-activation.ts"
error: Module not found "/Users/nickgonzales/Documents/Bonfyre/bonfyre-zig/tools/live-native-market-activation.ts"
error: Module not found "/Users/nickgonzales/Documents/Bonfyre/bonfyre-zig/tools/live-native-market-activation.ts"
error: Module not found "/Users/nickgonzales/Documents/Bonfyre/bonfyre-zig/tools/live-native-market-activation.ts"
error: Module not found "/Users/nickgonzales/Documents/Bonfyre/bonfyre-zig/tools/live-native-market-activation.ts"
error: Module not found "/Users/nickgonzales/Documents/Bonfyre/bonfyre-zig/tools/live-native-market-activation.ts"
error: Module not found "/Users/nickgonzales/Documents/Bonfyre/bonfyre-zig/tools/live-native-market-activation.ts"
error: Module not found "/Users/nickgonzales/Documents/Bonfyre/bonfyre-zig/tools/live-native-market-activation.ts"
error: Module not found "/Users/nickgonzales/Documents/Bonfyre/bonfyre-zig/tools/live-native-market-activation.ts"
error: Module not found "/Users/nickgonzales/Documents/Bonfyre/bonfyre-zig/tools/live-native-market-activation.ts"
error: Module not found "/Users/nickgonzales/Documents/Bonfyre/bonfyre-zig/tools/live-native-market-activation.ts"
error: Module not found "/Users/nickgonzales/Documents/Bonfyre/bonfyre-zig/tools/live-native-market-activation.ts"
error: Module not found "/Users/nickgonzales/Documents/Bonfyre/bonfyre-zig/tools/live-native-market-activation.ts"
error: Module not found "/Users/nickgonzales/Documents/Bonfyre/bonfyre-zig/tools/live-native-market-activation.ts"
error: Module not found "/Users/nickgonzales/Documents/Bonfyre/bonfyre-zig/tools/live-native-market-activation.ts"
error: Module not found "/Users/nickgonzales/Documents/Bonfyre/bonfyre-zig/tools/live-native-market-activation.ts"
error: Module not found "/Users/nickgonzales/Documents/Bonfyre/bonfyre-zig/tools/live-native-market-activation.ts"
error: Module not found "/Users/nickgonzales/Documents/Bonfyre/bonfyre-zig/tools/live-native-market-activation.ts"
error: Module not found "/Users/nickgonzales/Documents/Bonfyre/bonfyre-zig/tools/live-native-market-activation.ts"
error: Module not found "/Users/nickgonzales/Documents/Bonfyre/bonfyre-zig/tools/live-native-market-activation.ts"
error: Module not found "/Users/nickgonzales/Documents/Bonfyre/bonfyre-zig/tools/live-native-market-activation.ts"
error: Module not found "/Users/nickgonzales/Documents/Bonfyre/bonfyre-zig/tools/live-native-market-activation.ts"
error: Module not found "/Users/nickgonzales/Documents/Bonfyre/bonfyre-zig/tools/live-native-market-activation.ts"
error: Module not found "/Users/nickgonzales/Documents/Bonfyre/bonfyre-zig/tools/live-native-market-activation.ts"
error: Module not found "/Users/nickgonzales/Documents/Bonfyre/bonfyre-zig/tools/live-native-market-activation.ts"
error: Module not found "/Users/nickgonzales/Documents/Bonfyre/bonfyre-zig/tools/live-native-market-activation.ts"
error: Module not found "/Users/nickgonzales/Documents/Bonfyre/bonfyre-zig/tools/live-native-market-activation.ts"
error: Module not found "/Users/nickgonzales/Documents/Bonfyre/bonfyre-zig/tools/live-native-market-activation.ts"
error: Module not found "/Users/nickgonzales/Documents/Bonfyre/bonfyre-zig/tools/live-native-market-activation.ts"
error: Module not found "/Users/nickgonzales/Documents/Bonfyre/bonfyre-zig/tools/live-native-market-activation.ts"
error: Module not found "/Users/nickgonzales/Documents/Bonfyre/bonfyre-zig/tools/live-native-market-activation.ts"
error: Module not found "/Users/nickgonzales/Documents/Bonfyre/bonfyre-zig/tools/live-native-market-activation.ts"
error: Module not found "/Users/nickgonzales/Documents/Bonfyre/bonfyre-zig/tools/live-native-market-activation.ts"
error: Module not found "/Users/nickgonzales/Documents/Bonfyre/bonfyre-zig/tools/live-native-market-activation.ts"
error: Module not found "/Users/nickgonzales/Documents/Bonfyre/bonfyre-zig/tools/live-native-market-activation.ts"
error: Module not found "/Users/nickgonzales/Documents/Bonfyre/bonfyre-zig/tools/live-native-market-activation.ts"
error: Module not found "/Users/nickgonzales/Documents/Bonfyre/bonfyre-zig/tools/live-native-market-activation.ts"
error: Module not found "/Users/nickgonzales/Documents/Bonfyre/bonfyre-zig/tools/live-native-market-activation.ts"
error: Module not found "/Users/nickgonzales/Documents/Bonfyre/bonfyre-zig/tools/live-native-market-activation.ts"
error: Module not found "/Users/nickgonzales/Documents/Bonfyre/bonfyre-zig/tools/live-native-market-activation.ts"
error: Module not found "/Users/nickgonzales/Documents/Bonfyre/bonfyre-zig/tools/live-native-market-activation.ts"
error: Module not found "/Users/nickgonzales/Documents/Bonfyre/bonfyre-zig/tools/live-native-market-activation.ts"
error: Module not found "/Users/nickgonzales/Documents/Bonfyre/bonfyre-zig/tools/live-native-market-activation.ts"
error: Module not found "/Users/nickgonzales/Documents/Bonfyre/bonfyre-zig/tools/live-native-market-activation.ts"
error: Module not found "/Users/nickgonzales/Documents/Bonfyre/bonfyre-zig/tools/live-native-market-activation.ts"
error: Module not found "/Users/nickgonzales/Documents/Bonfyre/bonfyre-zig/tools/live-native-market-activation.ts"
error: Module not found "/Users/nickgonzales/Documents/Bonfyre/bonfyre-zig/tools/live-native-market-activation.ts"
error: Module not found "/Users/nickgonzales/Documents/Bonfyre/bonfyre-zig/tools/live-native-market-activation.ts"
error: Module not found "/Users/nickgonzales/Documents/Bonfyre/bonfyre-zig/tools/live-native-market-activation.ts"
error: Module not found "/Users/nickgonzales/Documents/Bonfyre/bonfyre-zig/tools/live-native-market-activation.ts"
error: Module not found "/Users/nickgonzales/Documents/Bonfyre/bonfyre-zig/tools/live-native-market-activation.ts"
error: Module not found "/Users/nickgonzales/Documents/Bonfyre/bonfyre-zig/tools/live-native-market-activation.ts"
error: Module not found "/Users/nickgonzales/Documents/Bonfyre/bonfyre-zig/tools/live-native-market-activation.ts"
error: Module not found "/Users/nickgonzales/Documents/Bonfyre/bonfyre-zig/tools/live-native-market-activation.ts"
error: Module not found "/Users/nickgonzales/Documents/Bonfyre/bonfyre-zig/tools/live-native-market-activation.ts"
error: Module not found "/Users/nickgonzales/Documents/Bonfyre/bonfyre-zig/tools/live-native-market-activation.ts"
error: Module not found "/Users/nickgonzales/Documents/Bonfyre/bonfyre-zig/tools/live-native-market-activation.ts"
error: Module not found "/Users/nickgonzales/Documents/Bonfyre/bonfyre-zig/tools/live-native-market-activation.ts"
error: Module not found "/Users/nickgonzales/Documents/Bonfyre/bonfyre-zig/tools/live-native-market-activation.ts"
error: Module not found "/Users/nickgonzales/Documents/Bonfyre/bonfyre-zig/tools/live-native-market-activation.ts"
error: Module not found "/Users/nickgonzales/Documents/Bonfyre/bonfyre-zig/tools/live-native-market-activation.ts"
error: Module not found "/Users/nickgonzales/Documents/Bonfyre/bonfyre-zig/tools/live-native-market-activation.ts"
error: Module not found "/Users/nickgonzales/Documents/Bonfyre/bonfyre-zig/tools/live-native-market-activation.ts"
error: Module not found "/Users/nickgonzales/Documents/Bonfyre/bonfyre-zig/tools/live-native-market-activation.ts"
error: Module not found "/Users/nickgonzales/Documents/Bonfyre/bonfyre-zig/tools/live-native-market-activation.ts"
error: Module not found "/Users/nickgonzales/Documents/Bonfyre/bonfyre-zig/tools/live-native-market-activation.ts"
error: Module not found "/Users/nickgonzales/Documents/Bonfyre/bonfyre-zig/tools/live-native-market-activation.ts"
error: Module not found "/Users/nickgonzales/Documents/Bonfyre/bonfyre-zig/tools/live-native-market-activation.ts"
error: Module not found "/Users/nickgonzales/Documents/Bonfyre/bonfyre-zig/tools/live-native-market-activation.ts"
error: Module not found "/Users/nickgonzales/Documents/Bonfyre/bonfyre-zig/tools/live-native-market-activation.ts"
error: Module not found "/Users/nickgonzales/Documents/Bonfyre/bonfyre-zig/tools/live-native-market-activation.ts"
error: Module not found "/Users/nickgonzales/Documents/Bonfyre/bonfyre-zig/tools/live-native-market-activation.ts"
error: Module not found "/Users/nickgonzales/Documents/Bonfyre/bonfyre-zig/tools/live-native-market-activation.ts"
error: Module not found "/Users/nickgonzales/Documents/Bonfyre/bonfyre-zig/tools/live-native-market-activation.ts"
error: Module not found "/Users/nickgonzales/Documents/Bonfyre/bonfyre-zig/tools/live-native-market-activation.ts"
error: Module not found "/Users/nickgonzales/Documents/Bonfyre/bonfyre-zig/tools/live-native-market-activation.ts"
error: Module not found "/Users/nickgonzales/Documents/Bonfyre/bonfyre-zig/tools/live-native-market-activation.ts"
error: Module not found "/Users/nickgonzales/Documents/Bonfyre/bonfyre-zig/tools/live-native-market-activation.ts"
error: Module not found "/Users/nickgonzales/Documents/Bonfyre/bonfyre-zig/tools/live-native-market-activation.ts"
error: Module not found "/Users/nickgonzales/Documents/Bonfyre/bonfyre-zig/tools/live-native-market-activation.ts"
error: Module not found "/Users/nickgonzales/Documents/Bonfyre/bonfyre-zig/tools/live-native-market-activation.ts"
error: Module not found "/Users/nickgonzales/Documents/Bonfyre/bonfyre-zig/tools/live-native-market-activation.ts"
error: Module not found "/Users/nickgonzales/Documents/Bonfyre/bonfyre-zig/tools/live-native-market-activation.ts"
error: Module not found "/Users/nickgonzales/Documents/Bonfyre/bonfyre-zig/tools/live-native-market-activation.ts"
error: Module not found "/Users/nickgonzales/Documents/Bonfyre/bonfyre-zig/tools/live-native-market-activation.ts"
error: Module not found "/Users/nickgonzales/Documents/Bonfyre/bonfyre-zig/tools/live-native-market-activation.ts"
error: Module not found "/Users/nickgonzales/Documents/Bonfyre/bonfyre-zig/tools/live-native-market-activation.ts"
error: Module not found "/Users/nickgonzales/Documents/Bonfyre/bonfyre-zig/tools/live-native-market-activation.ts"
error: Module not found "/Users/nickgonzales/Documents/Bonfyre/bonfyre-zig/tools/live-native-market-activation.ts"
error: Module not found "/Users/nickgonzales/Documents/Bonfyre/bonfyre-zig/tools/live-native-market-activation.ts"
error: Module not found "/Users/nickgonzales/Documents/Bonfyre/bonfyre-zig/tools/live-native-market-activation.ts"
error: Module not found "/Users/nickgonzales/Documents/Bonfyre/bonfyre-zig/tools/live-native-market-activation.ts"
error: Module not found "/Users/nickgonzales/Documents/Bonfyre/bonfyre-zig/tools/live-native-market-activation.ts"
error: Module not found "/Users/nickgonzales/Documents/Bonfyre/bonfyre-zig/tools/live-native-market-activation.ts"
error: Module not found "/Users/nickgonzales/Documents/Bonfyre/bonfyre-zig/tools/live-native-market-activation.ts"
error: Module not found "/Users/nickgonzales/Documents/Bonfyre/bonfyre-zig/tools/live-native-market-activation.ts"
error: Module not found "/Users/nickgonzales/Documents/Bonfyre/bonfyre-zig/tools/live-native-market-activation.ts"
error: Module not found "/Users/nickgonzales/Documents/Bonfyre/bonfyre-zig/tools/live-native-market-activation.ts"
error: Module not found "/Users/nickgonzales/Documents/Bonfyre/bonfyre-zig/tools/live-native-market-activation.ts"
error: Module not found "/Users/nickgonzales/Documents/Bonfyre/bonfyre-zig/tools/live-native-market-activation.ts"
error: Module not found "/Users/nickgonzales/Documents/Bonfyre/bonfyre-zig/tools/live-native-market-activation.ts"
error: Module not found "/Users/nickgonzales/Documents/Bonfyre/bonfyre-zig/tools/live-native-market-activation.ts"
error: Module not found "/Users/nickgonzales/Documents/Bonfyre/bonfyre-zig/tools/live-native-market-activation.ts"
error: Module not found "/Users/nickgonzales/Documents/Bonfyre/bonfyre-zig/tools/live-native-market-activation.ts"
error: Module not found "/Users/nickgonzales/Documents/Bonfyre/bonfyre-zig/tools/live-native-market-activation.ts"
error: Module not found "/Users/nickgonzales/Documents/Bonfyre/bonfyre-zig/tools/live-native-market-activation.ts"
error: Module not found "/Users/nickgonzales/Documents/Bonfyre/bonfyre-zig/tools/live-native-market-activation.ts"
error: Module not found "/Users/nickgonzales/Documents/Bonfyre/bonfyre-zig/tools/live-native-market-activation.ts"
error: Module not found "/Users/nickgonzales/Documents/Bonfyre/bonfyre-zig/tools/live-native-market-activation.ts"
error: Module not found "/Users/nickgonzales/Documents/Bonfyre/bonfyre-zig/tools/live-native-market-activation.ts"
error: Module not found "/Users/nickgonzales/Documents/Bonfyre/bonfyre-zig/tools/live-native-market-activation.ts"
